=== phase 1: marshalling ===
scalars
  @none                    ok
  @true                    ok
  @false                   ok
  small int                ok
  negative int             ok
  zero                     ok
  float                    ok
  atom                     ok
  atom, UTF-8              ok
  empty atom               ok

integers at and past the int64 edge
  2^63-1                   ok
  -2^63                    ok
  2^63                     ok
  2^70                     ok
  -2^70                    ok
  2^40000 (past the        ok
  2^400000  digit cap)     ok

rationals
  1 rdiv 3                 ok
  -2 rdiv 7                ok
  (2^70) rdiv 3            ok
  (2^40000) rdiv 3         ok

containers, and the awkward ones
  empty list               ok
  list                     ok
  mixed list               ok
  empty dict is an atom    ok
  dict                     ok
  single-entry dict        ok
  1-tuple                  ok
  2-tuple                  ok
  3-tuple                  ok
  nested dict-in-list-in-tuple ok
  set                      ok
  empty set                ok

opaque fallback
  bytes stays opaque       ok

errors
instantiation_error  unbound                  
type_error(python_term,foo(1))  unknown functor          
domain_error(py_constant,maybe)  bad @ constant           

=== phase 2: calling ===
py_func
  math.factorial(20)           ok
  math.factorial(30) bignum    ok
  math.sqrt -> float           ok
  builtins.len                 ok
  module attribute             ok

py_call and : chains
  builtins:str(42)             ok
  chain os:path:join           ok
  attribute chain sys:maxsize  ok
  dict round trip through Python ok

py_dot on an object
existence_error(python_module,hello)  bare atom is a module        
  method on a handle           ok

keyword arguments
  positional + keyword         ok
  keyword only                 ok
  two keywords                 ok
domain_error(py_keyword_argument,3.14159)  positional after keyword     

py_setattr
  setattr then read back       ok

the Options argument
  int, default                 ok
  int, py_object(true)         ok
  list, default                ok
  list, py_object(true)        ok, is a handle
  dict, py_object(true)        ok, is a handle
  tuple, py_object(true)       ok
  XSB sizecheck accepted       ok
domain_error(py_option,no_such_option(x))  unknown option               
type_error(list,no_such_option)  options not a list           

errors
existence_error(python_module,no_such_module_xyz)  no such module               
system_error(python_call_failed)  no such attribute            
instantiation_error  unbound call                 

the GIL: four threads into CPython at once
  1000 calls across 4 threads  ok

=== phase 3: iteration, dicts, library paths ===
py_iter as a generator
  range(4)                       ok
  empty range                    ok
  list of mixed                  ok
  filters on a bound value       ok
  a generator, not a list        ok
  nested iteration               ok
  once/1 does not leak or crash  ok
  iteration survives an exception ok

dict access, no Python involved
  keys                           ok
  keys of empty dict             ok
  items                          ok
  items of empty dict            ok
  single-entry keys              ok
  key enumerates                 ok
  key of empty dict              ok
  values by key                  ok
  values, missing key            ok
  values enumerates              ok
  values by path                 ok
  values, empty path             ok
type_error(py_dict,notadict)  keys of a non-dict             

round trip through Python
  dict from Python then keys     ok

library paths
  py_lib_dirs is a list          ok
  add last                       ok
  add first                      ok
domain_error(py_lib_dir_position,sideways)  bad position                   
type_error(atom,123)  non-atom dir                   

=== phase 0: startup and shutdown ===
found libpython
version starts 3.
prolog done
second hook ran
exit status 3
