=== results ===

  ok   pl_create
  ok   pl_consult_text loads bounded source
  ok   consulted text predicate runs
  ok   pl_consult_text rejects embedded NUL
  ok   pl_consult loads a file
  ok   goal succeeds
  ok   goal fails
  ok   consulted predicate runs
  ok   consulted predicate fails
  ok   error sets get_error
  ok   error clears afterwards
  ok   4 solutions: likes(_, _)
  ok   2 solutions: likes(mary, _)
  ok   1 solution: likes(john, mary)
  ok   3 solutions: member/2
  ok   pl_query on a fresh goal
  ok   pl_done releases it
  ok   second pl_create
  ok   assert visible in its own engine
  ok   assert invisible to the other
  ok   first engine survives the second's destroy
  ok   string literal survives backtracking
  ok   no solutions counts 0
  ok   one solution counts 1
  ok   two solutions count 2
  ok   query for inspection
  ok   pl_binding finds X
  ok   X is a compound
  ok   functor is foo
  ok   arity is 5
  ok   arg 0 is the integer 1
  ok   arg 1 is the float 2.5
  ok   arg 2 is the atom bar
  ok   arg 3 is a compound (a list)
  ok   arg 5 is out of range
  ok   Y is an integer
  ok   Y does not fit an int64
  ok   Y reads as text
  ok   Z is unbound
  ok   an unknown name is not found
  ok   bindings enumerate by name
  ok   names past the end are NULL

all checks passed (0 failures)
