quads: FAILED quads.pl:100
   ?- member(X,[1,2]).
   expected: X=1;X=99
quads: FAILED quads.pl:106
   ?- X=1.
   expected: X=1,unexpected
quads: FAILED quads.pl:111
   ?- X=f(Y,Z),Y=Z.
   expected: X=f(Y,Y)
quads: FAILED member_2, quads.pl:129
   ?- member(X,[1,2]).
   expected: X=1;X=99
quads: FAILED ball_1, quads.pl:151
   ?- throw(error(_A,_B)).
   expected: error(X,X)
quads: FAILED ball_2, quads.pl:157
   ?- throw(f(A,A)).
   expected: throw(f(X,Y))
quads: FAILED ball_3, quads.pl:163
   ?- throw(f(X)).
   expected: throw(f(X))
quads: FAILED ball_4, quads.pl:166
   ?- throw(error(type_error(atom,[X,Y]),[])).
   expected: type_error(atom,[X,X])
quads: FAILED outputs_4, quads.pl:211
   ?- write(abc),nl.
   expected: outputs([n,o,p,e]),true
quads: FAILED ellipsis_3, quads.pl:225
   ?- X=1.
   expected: X=f(...)
quads: FAILED more_3, quads.pl:240
   ?- member(X,[1,2,3]).
   expected: X=9, ...
quads: FAILED maybe_3, quads.pl:258
   ?- X=1.
   expected: X=1,maybe
quads: FAILED unexpected_2, quads.pl:279
   ?- member(X,[a,b,c]).
   expected: X=a;X=b,unexpected
quads: MALFORMED hand_1, hand-written.pl:1
   ?- X=1.
   not an answer: 1=X
quads: MALFORMED hand_2, hand-written.pl:2
   ?- Y=1.
   not an answer: Y=2
quads: MALFORMED hand_4, hand-written.pl:4
   ?- V=f(W),W=1.
   not an answer: V=f(W)
quads: 61 run, 45 passed, 16 failed.
