quads: FAILED quads.pl:99
   ?- member(X,[1,2]).
   expected: X=1;X=99
quads: FAILED quads.pl:105
   ?- X=1.
   expected: X=1,unexpected
quads: FAILED quads.pl:110
   ?- X=f(Y,Z),Y=Z.
   expected: X=f(Y,Y)
quads: FAILED member_2, quads.pl:128
   ?- member(X,[1,2]).
   expected: X=1;X=99
quads: FAILED ball_1, quads.pl:150
   ?- throw(error(_A,_B)).
   expected: error(X,X)
quads: FAILED ball_2, quads.pl:156
   ?- throw(f(A,A)).
   expected: throw(f(X,Y))
quads: FAILED ball_3, quads.pl:162
   ?- throw(f(X)).
   expected: throw(f(X))
quads: FAILED ball_4, quads.pl:165
   ?- throw(error(type_error(atom,[X,Y]),[])).
   expected: type_error(atom,[X,X])
quads: FAILED outputs_4, quads.pl:210
   ?- write(abc),nl.
   expected: outputs([n,o,p,e]),true
quads: FAILED ellipsis_3, quads.pl:224
   ?- X=1.
   expected: X=f(...)
quads: FAILED more_3, quads.pl:239
   ?- member(X,[1,2,3]).
   expected: X=9, ...
quads: FAILED maybe_3, quads.pl:255
   ?- X=1.
   expected: X=1,maybe
quads: MALFORMED hand_1, hand-written.pl:1
   ?- X=1.
   not an answer: 1=X
quads: MALFORMED hand_2, hand-written.pl:2
   ?- Y=1.
   not an answer: Y=2
quads: MALFORMED hand_4, hand-written.pl:4
   ?- V=f(W),W=1.
   not an answer: V=f(W)
quads: 57 run, 42 passed, 15 failed.
