ok
done
main3...
server_delay
[client_read,'$stream'(4)]
server_accepted
[server_write,'$stream'(5),xyz]
[server_close,'$stream'(5),'$stream'(3)]
[client_got,xyz]
[client_close,'$stream'(4)]
main4...
server_delay
[client_read,'$stream'(4)]
server_accepted
[server_write,'$stream'(5),120]
[server_close,'$stream'(5),'$stream'(3)]
[client_got,120]
[client_close,'$stream'(4)]
