fifo_order: ok
selective_receive_preserves_order: ok
no_match_leaves_queue_intact: ok
peek_does_not_consume: ok
peek_empty_fails: ok
timeout_expires: ok
handshake: ok
send_before_receive: ok
join_status_true: ok
join_status_fail: ok
join_status_throw: ok
join_status_exit: ok
mutex_is_recursive: ok
mutex_trylock_succeeds_for_holder: ok
unaliased_queue_properties: ok
unaliased_mutex_properties: ok
unaliased_thread_properties: ok
aliased_queue_properties: ok
queue_property_enumerates_queues: ok
task_receive_yields_to_siblings: ok
parked_task_still_receives: ok
