disj-succeeded
neg_of_true_disj-failed
neg_toplevel-failed
neg_of_true_atom-failed
neg_of_false-succeeded
minimal_neg_of_true-failed
minimal_neg_of_false-succeeded
once_solutions-[x]
ignore_solutions-[x]
deep_plain-succeeded
deep_if_then_else-succeeded
deep_disjunction-succeeded
deep_call-succeeded
deep_if_then-succeeded
after
after
nontail_call-succeeded
caught
catch_recursive-succeeded
