Test1  :	PASSED!
Test2  :	PASSED!
Test3  :	PASSED!
Test4a :	PASSED!
Test4b :	PASSED!
Test5a :	PASSED!
Test5b :	PASSED!
Test6a :	PASSED!
Test6b :	PASSED!
Test6c :	PASSED!
Test7  :	PASSED!
Test8  :	PASSED!
Test9a :	PASSED!
Test9b :	PASSED!
Test9c :	PASSED!
Test10 :	PASSED!
Test11a:	PASSED!
Test11b:	PASSED!
Test12 :	PASSED!
Test13 :	PASSED!
Test14 :	PASSED!
Test15a:	PASSED!
Test15b:	PASSED!
Test15c:	PASSED!
Test15d:	PASSED!
Test16a:	PASSED!
Test16b:	PASSED!
Test16c:	PASSED!
Test17 :	PASSED!
Test18 :	PASSED!
Test19 :	PASSED!
