[a,b,c]
[a,b,c]
[a,b,c]
[abc]
['']
[a,'',b]
['',a,'']
[a,b,c]
[a,bbbbbbbbbbbbbbbbbbbbbbbbbbbb,c]
all_atoms
[b,c]
b
fail
fail
[[a,b]]
'a-b-c'
'a-b-c'
''
abc
caught(error(instantiation_error,atomic))
fail
caught(error(instantiation_error,atomic_list_concat/2))
fail
caught(error(instantiation_error,not_sufficiently_instantiated))
fail
caught(error(type_error(atom,a(1)),atomic_list_concat/2))
fail
caught(error(type_error(atom,a(1)),atomic_list_concat/3))
fail
caught(error(type_error(atomic,a(1)),atomic_list_concat/3))
fail
caught(error(domain_error(non_empty_atom,''),atomic_list_concat/3))
fail
caught(error(instantiation_error,not_sufficiently_instantiated))
fail
caught(error(instantiation_error,atomic))
fail
caught(error(instantiation_error,not_sufficiently_instantiated))
fail
caught(error(type_error(list,foo),atomic_list_concat/3))
fail
caught(error(type_error(list,[a|b]),atomic_list_concat/3))
fail
