[[a|[[a|...],[a|[[a|...],_4]=[_4,[a|...]]]]=[[a|[[a|...],_4]=[_4,[a|...]]],[a|...]]],[a|[[a|[[a|...],_4]=[_4,[a|...]]],_4]=[_4,[a|[[a|...],_4]=[_4,[a|...]]]]]]=[[a|[[a|[[a|...],_4]=[_4,[a|...]]],_4]=[_4,[a|[[a|...],_4]=[_4,[a|...]]]]],[a|[[a|...],[a|[[a|...],_4]=[_4,[a|...]]]]=[[a|[[a|...],_4]=[_4,[a|...]]],[a|...]]]]
