min_negbig_small: ok
min_small_negbig: ok
min_negbig_negbig: ok
min_big_big: ok
min_negbig_float: ok
min_repeat: ok
min_interleave: ok
max_negbig_small: ok
max_big_small: ok
min_float_stale: ok
max_float_stale: ok
min_float_rev: ok
max_float_rev: ok
min_float_wins: ok
max_float_wins: ok
min_small: ok
min_mixed_float: ok
max_small: ok
clpz_0_24: ok
clpz_0_25: ok
clpz_0_30: ok
